Archive member included to satisfy reference by file (symbol)

/usr/lib/gcc/arm-none-eabi/9.2.1/../../../arm-none-eabi/lib/thumb/v7-m/nofp/libc.a(lib_a-memcpy.o)
                              rtos/queue.o (memcpy)
/usr/lib/gcc/arm-none-eabi/9.2.1/thumb/v7-m/nofp/libgcc.a(unwind-arm.o)
                              main.o (__aeabi_unwind_cpp_pr0)
/usr/lib/gcc/arm-none-eabi/9.2.1/thumb/v7-m/nofp/libgcc.a(libunwind.o)
                              /usr/lib/gcc/arm-none-eabi/9.2.1/thumb/v7-m/nofp/libgcc.a(unwind-arm.o) (restore_core_regs)
/usr/lib/gcc/arm-none-eabi/9.2.1/thumb/v7-m/nofp/libgcc.a(pr-support.o)
                              /usr/lib/gcc/arm-none-eabi/9.2.1/thumb/v7-m/nofp/libgcc.a(unwind-arm.o) (__gnu_unwind_execute)
/usr/lib/gcc/arm-none-eabi/9.2.1/../../../arm-none-eabi/lib/thumb/v7-m/nofp/libc.a(lib_a-abort.o)
                              /usr/lib/gcc/arm-none-eabi/9.2.1/thumb/v7-m/nofp/libgcc.a(unwind-arm.o) (abort)
/usr/lib/gcc/arm-none-eabi/9.2.1/../../../arm-none-eabi/lib/thumb/v7-m/nofp/libc.a(lib_a-signal.o)
                              /usr/lib/gcc/arm-none-eabi/9.2.1/../../../arm-none-eabi/lib/thumb/v7-m/nofp/libc.a(lib_a-abort.o) (raise)
/usr/lib/gcc/arm-none-eabi/9.2.1/../../../arm-none-eabi/lib/thumb/v7-m/nofp/libc.a(lib_a-signalr.o)
                              /usr/lib/gcc/arm-none-eabi/9.2.1/../../../arm-none-eabi/lib/thumb/v7-m/nofp/libc.a(lib_a-signal.o) (_kill_r)
/usr/lib/gcc/arm-none-eabi/9.2.1/../../../arm-none-eabi/lib/thumb/v7-m/nofp/libc.a(lib_a-impure.o)
                              /usr/lib/gcc/arm-none-eabi/9.2.1/../../../arm-none-eabi/lib/thumb/v7-m/nofp/libc.a(lib_a-signal.o) (_impure_ptr)
/usr/lib/gcc/arm-none-eabi/9.2.1/../../../arm-none-eabi/lib/thumb/v7-m/nofp/libc.a(lib_a-mallocr.o)
                              /usr/lib/gcc/arm-none-eabi/9.2.1/../../../arm-none-eabi/lib/thumb/v7-m/nofp/libc.a(lib_a-signal.o) (_malloc_r)
/usr/lib/gcc/arm-none-eabi/9.2.1/../../../arm-none-eabi/lib/thumb/v7-m/nofp/libc.a(lib_a-mlock.o)
                              /usr/lib/gcc/arm-none-eabi/9.2.1/../../../arm-none-eabi/lib/thumb/v7-m/nofp/libc.a(lib_a-mallocr.o) (__malloc_lock)
/usr/lib/gcc/arm-none-eabi/9.2.1/../../../arm-none-eabi/lib/thumb/v7-m/nofp/libc.a(lib_a-reent.o)
                              /usr/lib/gcc/arm-none-eabi/9.2.1/../../../arm-none-eabi/lib/thumb/v7-m/nofp/libc.a(lib_a-signalr.o) (errno)
/usr/lib/gcc/arm-none-eabi/9.2.1/../../../arm-none-eabi/lib/thumb/v7-m/nofp/libc.a(lib_a-sbrkr.o)
                              /usr/lib/gcc/arm-none-eabi/9.2.1/../../../arm-none-eabi/lib/thumb/v7-m/nofp/libc.a(lib_a-mallocr.o) (_sbrk_r)
/usr/lib/gcc/arm-none-eabi/9.2.1/../../../arm-none-eabi/lib/thumb/v7-m/nofp/libc.a(lib_a-freer.o)
                              /usr/lib/gcc/arm-none-eabi/9.2.1/../../../arm-none-eabi/lib/thumb/v7-m/nofp/libc.a(lib_a-mallocr.o) (_free_r)
/usr/lib/gcc/arm-none-eabi/9.2.1/../../../arm-none-eabi/lib/thumb/v7-m/nofp/libnosys.a(getpid.o)
                              /usr/lib/gcc/arm-none-eabi/9.2.1/../../../arm-none-eabi/lib/thumb/v7-m/nofp/libc.a(lib_a-signalr.o) (_getpid)
/usr/lib/gcc/arm-none-eabi/9.2.1/../../../arm-none-eabi/lib/thumb/v7-m/nofp/libnosys.a(kill.o)
                              /usr/lib/gcc/arm-none-eabi/9.2.1/../../../arm-none-eabi/lib/thumb/v7-m/nofp/libc.a(lib_a-signalr.o) (_kill)
/usr/lib/gcc/arm-none-eabi/9.2.1/../../../arm-none-eabi/lib/thumb/v7-m/nofp/libnosys.a(sbrk.o)
                              /usr/lib/gcc/arm-none-eabi/9.2.1/../../../arm-none-eabi/lib/thumb/v7-m/nofp/libc.a(lib_a-sbrkr.o) (_sbrk)
/usr/lib/gcc/arm-none-eabi/9.2.1/../../../arm-none-eabi/lib/thumb/v7-m/nofp/libnosys.a(_exit.o)
                              /usr/lib/gcc/arm-none-eabi/9.2.1/../../../arm-none-eabi/lib/thumb/v7-m/nofp/libc.a(lib_a-abort.o) (_exit)
/home/hades/bp/stm32/libopencm3/lib/libopencm3_stm32f1.a(gpio.o)
                              main.o (gpio_set_mode)
/home/hades/bp/stm32/libopencm3/lib/libopencm3_stm32f1.a(gpio_common_all.o)
                              main.o (gpio_toggle)
/home/hades/bp/stm32/libopencm3/lib/libopencm3_stm32f1.a(rcc.o)
                              main.o (rcc_clock_setup_in_hse_8mhz_out_72mhz)
/home/hades/bp/stm32/libopencm3/lib/libopencm3_stm32f1.a(rcc_common_all.o)
                              main.o (rcc_periph_clock_enable)
/home/hades/bp/stm32/libopencm3/lib/libopencm3_stm32f1.a(vector.o)
                              (reset_handler)
/home/hades/bp/stm32/libopencm3/lib/libopencm3_stm32f1.a(assert.o)
                              /home/hades/bp/stm32/libopencm3/lib/libopencm3_stm32f1.a(rcc.o) (cm3_assert_failed)
/home/hades/bp/stm32/libopencm3/lib/libopencm3_stm32f1.a(flash_common_all.o)
                              /home/hades/bp/stm32/libopencm3/lib/libopencm3_stm32f1.a(rcc.o) (flash_set_ws)

Allocating common symbols
Common symbol       size              file

[...]
Memory Configuration

Name             Origin             Length             Attributes
rom              0x0000000008000000 0x0000000000010000 xr
ram              0x0000000020000000 0x0000000000005000 xrw
*default*        0x0000000000000000 0xffffffffffffffff

Linker script and memory map

LOAD main.o
LOAD rtos/heap_4.o
LOAD rtos/list.o
LOAD rtos/port.o
LOAD rtos/queue.o
LOAD rtos/tasks.o
LOAD rtos/opencm3.o
START GROUP
LOAD /usr/lib/gcc/arm-none-eabi/9.2.1/../../../arm-none-eabi/lib/thumb/v7-m/nofp/libc.a
LOAD /usr/lib/gcc/arm-none-eabi/9.2.1/thumb/v7-m/nofp/libgcc.a
LOAD /usr/lib/gcc/arm-none-eabi/9.2.1/../../../arm-none-eabi/lib/thumb/v7-m/nofp/libnosys.a
END GROUP
LOAD /home/hades/bp/stm32//rtos/libwwg/libwwg.a
LOAD /home/hades/bp/stm32/libopencm3/lib/libopencm3_stm32f1.a
START GROUP
LOAD /usr/lib/gcc/arm-none-eabi/9.2.1/thumb/v7-m/nofp/libgcc.a
LOAD /usr/lib/gcc/arm-none-eabi/9.2.1/../../../arm-none-eabi/lib/thumb/v7-m/nofp/libc.a
END GROUP
START GROUP
LOAD /usr/lib/gcc/arm-none-eabi/9.2.1/thumb/v7-m/nofp/libgcc.a
LOAD /usr/lib/gcc/arm-none-eabi/9.2.1/../../../arm-none-eabi/lib/thumb/v7-m/nofp/libc.a
LOAD /usr/lib/gcc/arm-none-eabi/9.2.1/../../../arm-none-eabi/lib/thumb/v7-m/nofp/libnosys.a
END GROUP

.text           0x0000000008000000     0x27b4
 *(.vectors)
 .vectors       0x0000000008000000      0x150 /home/hades/bp/stm32/libopencm3/lib/libopencm3_stm32f1.a(vector.o)
                0x0000000008000000                vector_table
 *(.text*)
 .text._ZL5task1Pv
                0x0000000008000150       0x1c main.o
 .text.startup.main
                0x000000000800016c       0x40 main.o
                0x000000000800016c                main
 .text.prvInsertBlockIntoFreeList
                0x00000000080001ac       0x48 rtos/heap_4.o
 .text.pvPortMalloc
                0x00000000080001f4       0xfc rtos/heap_4.o
                0x00000000080001f4                pvPortMalloc
 .text.vPortFree
                0x00000000080002f0       0x58 rtos/heap_4.o
                0x00000000080002f0                vPortFree
 .text.vListInitialise
                0x0000000008000348       0x16 rtos/list.o
                0x0000000008000348                vListInitialise
 .text.vListInitialiseItem
                0x000000000800035e        0x6 rtos/list.o
                0x000000000800035e                vListInitialiseItem
 .text.vListInsertEnd
                0x0000000008000364       0x18 rtos/list.o
                0x0000000008000364                vListInsertEnd
 .text.vListInsert
                0x000000000800037c       0x2e rtos/list.o
                0x000000000800037c                vListInsert
 .text.uxListRemove
                0x00000000080003aa       0x20 rtos/list.o
                0x00000000080003aa                uxListRemove
 .text.prvTaskExitError
                0x00000000080003ca       0x20 rtos/port.o
 *fill*         0x00000000080003ea        0x2 
 .text.prvPortStartFirstTask
                0x00000000080003ec       0x20 rtos/port.o
 .text.pxPortInitialiseStack
                0x000000000800040c       0x24 rtos/port.o
                0x000000000800040c                pxPortInitialiseStack
 .text.vPortSVCHandler
                0x0000000008000430       0x24 rtos/port.o
                0x0000000008000430                vPortSVCHandler
 .text.vPortEnterCritical
                0x0000000008000454       0x20 rtos/port.o
                0x0000000008000454                vPortEnterCritical
 .text.vPortExitCritical
                0x0000000008000474       0x14 rtos/port.o
                0x0000000008000474                vPortExitCritical
 *fill*         0x0000000008000488        0x8 
 .text.xPortPendSVHandler
                0x0000000008000490       0x44 rtos/port.o
                0x0000000008000490                xPortPendSVHandler
 .text.xPortSysTickHandler
                0x00000000080004d4       0x2c rtos/port.o
                0x00000000080004d4                xPortSysTickHandler
 .text.vPortSetupTimerInterrupt
                0x0000000008000500       0x24 rtos/port.o
                0x0000000008000500                vPortSetupTimerInterrupt
 .text.xPortStartScheduler
                0x0000000008000524       0x38 rtos/port.o
                0x0000000008000524                xPortStartScheduler
 .text.prvResetNextTaskUnblockTime
                0x000000000800055c       0x24 rtos/tasks.o
 .text.prvAddCurrentTaskToDelayedList
                0x0000000008000580       0x8c rtos/tasks.o
 .text.prvIdleTask
                0x000000000800060c       0x6c rtos/tasks.o
 .text.xTaskCreate
                0x0000000008000678      0x1b8 rtos/tasks.o
                0x0000000008000678                xTaskCreate
 .text.vTaskStartScheduler
                0x0000000008000830       0x64 rtos/tasks.o
                0x0000000008000830                vTaskStartScheduler
 .text.vTaskSuspendAll
                0x0000000008000894       0x10 rtos/tasks.o
                0x0000000008000894                vTaskSuspendAll
 .text.xTaskIncrementTick
                0x00000000080008a4      0x10c rtos/tasks.o
                0x00000000080008a4                xTaskIncrementTick
 .text.xTaskResumeAll
                0x00000000080009b0       0xd8 rtos/tasks.o
                0x00000000080009b0                xTaskResumeAll
 .text.vTaskDelay
                0x0000000008000a88       0x30 rtos/tasks.o
                0x0000000008000a88                vTaskDelay
 .text.vTaskSwitchContext
                0x0000000008000ab8       0x60 rtos/tasks.o
                0x0000000008000ab8                vTaskSwitchContext
 .text.sv_call_handler
                0x0000000008000b18        0x4 rtos/opencm3.o
                0x0000000008000b18                sv_call_handler
 .text.pend_sv_handler
                0x0000000008000b1c        0x4 rtos/opencm3.o
                0x0000000008000b1c                pend_sv_handler
 .text.sys_tick_handler
                0x0000000008000b20        0x4 rtos/opencm3.o
                0x0000000008000b20                sys_tick_handler
 .text          0x0000000008000b24       0xec /usr/lib/gcc/arm-none-eabi/9.2.1/../../../arm-none-eabi/lib/thumb/v7-m/nofp/libc.a(lib_a-memcpy.o)
                0x0000000008000b24                memcpy
 .text          0x0000000008000c10      0x9a8 /usr/lib/gcc/arm-none-eabi/9.2.1/thumb/v7-m/nofp/libgcc.a(unwind-arm.o)
                0x0000000008000eb4                _Unwind_GetCFA
                0x0000000008000eb8                __gnu_Unwind_RaiseException
                0x0000000008000f18                __gnu_Unwind_ForcedUnwind
                0x0000000008000f2c                __gnu_Unwind_Resume
                0x0000000008000f70                __gnu_Unwind_Resume_or_Rethrow
                0x0000000008000f84                _Unwind_Complete
                0x0000000008000f88                _Unwind_DeleteException
                0x0000000008000f94                _Unwind_VRS_Get
                0x0000000008000fdc                _Unwind_VRS_Set
                0x0000000008001028                __gnu_Unwind_Backtrace
                0x0000000008001344                __aeabi_unwind_cpp_pr0
                0x0000000008001348                __aeabi_unwind_cpp_pr1
                0x000000000800134c                __aeabi_unwind_cpp_pr2
                0x0000000008001350                _Unwind_VRS_Pop
 .text          0x00000000080015b8      0x1ac /usr/lib/gcc/arm-none-eabi/9.2.1/thumb/v7-m/nofp/libgcc.a(libunwind.o)
                0x00000000080015b8                __restore_core_regs
                0x00000000080015b8                restore_core_regs
                0x00000000080015d0                __gnu_Unwind_Restore_VFP
                0x00000000080015d8                __gnu_Unwind_Save_VFP
                0x00000000080015e0                __gnu_Unwind_Restore_VFP_D
                0x00000000080015e8                __gnu_Unwind_Save_VFP_D
                0x00000000080015f0                __gnu_Unwind_Restore_VFP_D_16_to_31
                0x00000000080015f8                __gnu_Unwind_Save_VFP_D_16_to_31
                0x0000000008001600                __gnu_Unwind_Restore_WMMXD
                0x0000000008001644                __gnu_Unwind_Save_WMMXD
                0x0000000008001688                __gnu_Unwind_Restore_WMMXC
                0x000000000800169c                __gnu_Unwind_Save_WMMXC
                0x00000000080016b0                ___Unwind_RaiseException
                0x00000000080016b0                _Unwind_RaiseException
                0x00000000080016d4                ___Unwind_Resume
                0x00000000080016d4                _Unwind_Resume
                0x00000000080016f8                _Unwind_Resume_or_Rethrow
                0x00000000080016f8                ___Unwind_Resume_or_Rethrow
                0x000000000800171c                ___Unwind_ForcedUnwind
                0x000000000800171c                _Unwind_ForcedUnwind
                0x0000000008001740                _Unwind_Backtrace
                0x0000000008001740                ___Unwind_Backtrace
 .text          0x0000000008001764      0x33c /usr/lib/gcc/arm-none-eabi/9.2.1/thumb/v7-m/nofp/libgcc.a(pr-support.o)
                0x00000000080017bc                __gnu_unwind_execute
                0x0000000008001a58                __gnu_unwind_frame
                0x0000000008001a80                _Unwind_GetRegionStart
                0x0000000008001a8c                _Unwind_GetLanguageSpecificData
 .text          0x0000000008001aa0       0x10 /usr/lib/gcc/arm-none-eabi/9.2.1/../../../arm-none-eabi/lib/thumb/v7-m/nofp/libc.a(lib_a-abort.o)
                0x0000000008001aa0                abort
 .text          0x0000000008001ab0      0x15c /usr/lib/gcc/arm-none-eabi/9.2.1/../../../arm-none-eabi/lib/thumb/v7-m/nofp/libc.a(lib_a-signal.o)
                0x0000000008001ad8                _init_signal_r
                0x0000000008001ae4                _signal_r
                0x0000000008001b1c                _raise_r
                0x0000000008001b74                __sigtramp_r
                0x0000000008001bc8                raise
                0x0000000008001bd8                signal
                0x0000000008001be8                _init_signal
                0x0000000008001bfc                __sigtramp
 .text          0x0000000008001c0c       0x2c /usr/lib/gcc/arm-none-eabi/9.2.1/../../../arm-none-eabi/lib/thumb/v7-m/nofp/libc.a(lib_a-signalr.o)
                0x0000000008001c0c                _kill_r
                0x0000000008001c34                _getpid_r
 .text          0x0000000008001c38      0x548 /usr/lib/gcc/arm-none-eabi/9.2.1/../../../arm-none-eabi/lib/thumb/v7-m/nofp/libc.a(lib_a-mallocr.o)
                0x0000000008001c38                _malloc_r
 .text          0x0000000008002180        0x8 /usr/lib/gcc/arm-none-eabi/9.2.1/../../../arm-none-eabi/lib/thumb/v7-m/nofp/libc.a(lib_a-mlock.o)
                0x0000000008002180                __malloc_lock
                0x0000000008002184                __malloc_unlock
 .text          0x0000000008002188       0x24 /usr/lib/gcc/arm-none-eabi/9.2.1/../../../arm-none-eabi/lib/thumb/v7-m/nofp/libc.a(lib_a-sbrkr.o)
                0x0000000008002188                _sbrk_r
 .text          0x00000000080021ac      0x294 /usr/lib/gcc/arm-none-eabi/9.2.1/../../../arm-none-eabi/lib/thumb/v7-m/nofp/libc.a(lib_a-freer.o)
                0x00000000080021ac                _malloc_trim_r
                0x000000000800224c                _free_r
 .text          0x0000000008002440       0x10 /usr/lib/gcc/arm-none-eabi/9.2.1/../../../arm-none-eabi/lib/thumb/v7-m/nofp/libnosys.a(getpid.o)
                0x0000000008002440                _getpid
 .text          0x0000000008002450       0x10 /usr/lib/gcc/arm-none-eabi/9.2.1/../../../arm-none-eabi/lib/thumb/v7-m/nofp/libnosys.a(kill.o)
                0x0000000008002450                _kill
 .text          0x0000000008002460       0x1c /usr/lib/gcc/arm-none-eabi/9.2.1/../../../arm-none-eabi/lib/thumb/v7-m/nofp/libnosys.a(sbrk.o)
                0x0000000008002460                _sbrk
 .text          0x000000000800247c        0x4 /usr/lib/gcc/arm-none-eabi/9.2.1/../../../arm-none-eabi/lib/thumb/v7-m/nofp/libnosys.a(_exit.o)
                0x000000000800247c                _exit
 .text.gpio_set_mode
                0x0000000008002480       0x5e /home/hades/bp/stm32/libopencm3/lib/libopencm3_stm32f1.a(gpio.o)
                0x0000000008002480                gpio_set_mode
 .text.gpio_toggle
                0x00000000080024de       0x12 /home/hades/bp/stm32/libopencm3/lib/libopencm3_stm32f1.a(gpio_common_all.o)
                0x00000000080024de                gpio_toggle
 .text.rcc_is_osc_ready
                0x00000000080024f0       0x58 /home/hades/bp/stm32/libopencm3/lib/libopencm3_stm32f1.a(rcc.o)
                0x00000000080024f0                rcc_is_osc_ready
 .text.rcc_wait_for_osc_ready
                0x0000000008002548       0x10 /home/hades/bp/stm32/libopencm3/lib/libopencm3_stm32f1.a(rcc.o)
                0x0000000008002548                rcc_wait_for_osc_ready
 .text.rcc_osc_on
                0x0000000008002558       0x60 /home/hades/bp/stm32/libopencm3/lib/libopencm3_stm32f1.a(rcc.o)
                0x0000000008002558                rcc_osc_on
 .text.rcc_set_sysclk_source
                0x00000000080025b8       0x14 /home/hades/bp/stm32/libopencm3/lib/libopencm3_stm32f1.a(rcc.o)
                0x00000000080025b8                rcc_set_sysclk_source
 .text.rcc_set_pll_multiplication_factor
                0x00000000080025cc       0x14 /home/hades/bp/stm32/libopencm3/lib/libopencm3_stm32f1.a(rcc.o)
                0x00000000080025cc                rcc_set_pll_multiplication_factor
 .text.rcc_set_pll_source
                0x00000000080025e0       0x14 /home/hades/bp/stm32/libopencm3/lib/libopencm3_stm32f1.a(rcc.o)
                0x00000000080025e0                rcc_set_pll_source
 .text.rcc_set_pllxtpre
                0x00000000080025f4       0x14 /home/hades/bp/stm32/libopencm3/lib/libopencm3_stm32f1.a(rcc.o)
                0x00000000080025f4                rcc_set_pllxtpre
 .text.rcc_set_adcpre
                0x0000000008002608       0x14 /home/hades/bp/stm32/libopencm3/lib/libopencm3_stm32f1.a(rcc.o)
                0x0000000008002608                rcc_set_adcpre
 .text.rcc_set_ppre2
                0x000000000800261c       0x14 /home/hades/bp/stm32/libopencm3/lib/libopencm3_stm32f1.a(rcc.o)
                0x000000000800261c                rcc_set_ppre2
 .text.rcc_set_ppre1
                0x0000000008002630       0x14 /home/hades/bp/stm32/libopencm3/lib/libopencm3_stm32f1.a(rcc.o)
                0x0000000008002630                rcc_set_ppre1
 .text.rcc_set_hpre
                0x0000000008002644       0x14 /home/hades/bp/stm32/libopencm3/lib/libopencm3_stm32f1.a(rcc.o)
                0x0000000008002644                rcc_set_hpre
 .text.rcc_clock_setup_in_hse_8mhz_out_72mhz
                0x0000000008002658       0x88 /home/hades/bp/stm32/libopencm3/lib/libopencm3_stm32f1.a(rcc.o)
                0x0000000008002658                rcc_clock_setup_in_hse_8mhz_out_72mhz
 .text.rcc_periph_clock_enable
                0x00000000080026e0       0x1c /home/hades/bp/stm32/libopencm3/lib/libopencm3_stm32f1.a(rcc_common_all.o)
                0x00000000080026e0                rcc_periph_clock_enable
 .text.blocking_handler
                0x00000000080026fc        0x2 /home/hades/bp/stm32/libopencm3/lib/libopencm3_stm32f1.a(vector.o)
                0x00000000080026fc                usart3_isr
                0x00000000080026fc                rtc_isr
                0x00000000080026fc                tim7_isr
                0x00000000080026fc                adc1_2_isr
                0x00000000080026fc                tim1_trg_com_isr
                0x00000000080026fc                usb_hp_can_tx_isr
                0x00000000080026fc                tim6_isr
                0x00000000080026fc                usb_wakeup_isr
                0x00000000080026fc                blocking_handler
                0x00000000080026fc                tim5_isr
                0x00000000080026fc                otg_fs_isr
                0x00000000080026fc                spi1_isr
                0x00000000080026fc                exti2_isr
                0x00000000080026fc                dma1_channel6_isr
                0x00000000080026fc                can_rx1_isr
                0x00000000080026fc                dma1_channel5_isr
                0x00000000080026fc                dma2_channel5_isr
                0x00000000080026fc                usart1_isr
                0x00000000080026fc                usage_fault_handler
                0x00000000080026fc                tim8_trg_com_isr
                0x00000000080026fc                can2_rx0_isr
                0x00000000080026fc                tim1_brk_isr
                0x00000000080026fc                can2_rx1_isr
                0x00000000080026fc                tim1_cc_isr
                0x00000000080026fc                sdio_isr
                0x00000000080026fc                eth_isr
                0x00000000080026fc                dma1_channel4_isr
                0x00000000080026fc                tim8_brk_isr
                0x00000000080026fc                dma2_channel4_5_isr
                0x00000000080026fc                pvd_isr
                0x00000000080026fc                rcc_isr
                0x00000000080026fc                flash_isr
                0x00000000080026fc                uart4_isr
                0x00000000080026fc                rtc_alarm_isr
                0x00000000080026fc                exti15_10_isr
                0x00000000080026fc                hard_fault_handler
                0x00000000080026fc                exti1_isr
                0x00000000080026fc                i2c1_ev_isr
                0x00000000080026fc                dma2_channel1_isr
                0x00000000080026fc                spi2_isr
                0x00000000080026fc                tim8_up_isr
                0x00000000080026fc                dma2_channel2_isr
                0x00000000080026fc                exti3_isr
                0x00000000080026fc                adc3_isr
                0x00000000080026fc                tim3_isr
                0x00000000080026fc                usart2_isr
                0x00000000080026fc                usb_lp_can_rx0_isr
                0x00000000080026fc                i2c2_er_isr
                0x00000000080026fc                i2c2_ev_isr
                0x00000000080026fc                uart5_isr
                0x00000000080026fc                fsmc_isr
                0x00000000080026fc                dma1_channel1_isr
                0x00000000080026fc                exti4_isr
                0x00000000080026fc                mem_manage_handler
                0x00000000080026fc                can2_tx_isr
                0x00000000080026fc                exti9_5_isr
                0x00000000080026fc                dma2_channel3_isr
                0x00000000080026fc                dma1_channel7_isr
                0x00000000080026fc                tim1_up_isr
                0x00000000080026fc                can2_sce_isr
                0x00000000080026fc                tim4_isr
                0x00000000080026fc                dma1_channel2_isr
                0x00000000080026fc                i2c1_er_isr
                0x00000000080026fc                can_sce_isr
                0x00000000080026fc                tim8_cc_isr
                0x00000000080026fc                tamper_isr
                0x00000000080026fc                eth_wkup_isr
                0x00000000080026fc                bus_fault_handler
                0x00000000080026fc                wwdg_isr
                0x00000000080026fc                dma1_channel3_isr
                0x00000000080026fc                spi3_isr
                0x00000000080026fc                tim2_isr
                0x00000000080026fc                exti0_isr
 .text.null_handler
                0x00000000080026fe        0x2 /home/hades/bp/stm32/libopencm3/lib/libopencm3_stm32f1.a(vector.o)
                0x00000000080026fe                null_handler
                0x00000000080026fe                debug_monitor_handler
                0x00000000080026fe                nmi_handler
 .text.reset_handler
                0x0000000008002700       0x94 /home/hades/bp/stm32/libopencm3/lib/libopencm3_stm32f1.a(vector.o)
                0x0000000008002700                reset_handler
 .text.flash_set_ws
                0x0000000008002794       0x14 /home/hades/bp/stm32/libopencm3/lib/libopencm3_stm32f1.a(flash_common_all.o)
                0x0000000008002794                flash_set_ws
                0x00000000080027a8                . = ALIGN (0x4)
 *(.rodata*)
 .rodata.main.str1.1
                0x00000000080027a8        0x4 main.o
 .rodata.vTaskStartScheduler.str1.1
                0x00000000080027ac        0x5 rtos/tasks.o
                0x00000000080027b4                . = ALIGN (0x4)
 *fill*         0x00000000080027b1        0x3 

.glue_7         0x00000000080027b4        0x0
 .glue_7        0x00000000080027b4        0x0 linker stubs

.glue_7t        0x00000000080027b4        0x0
 .glue_7t       0x00000000080027b4        0x0 linker stubs

.vfp11_veneer   0x00000000080027b4        0x0
 .vfp11_veneer  0x00000000080027b4        0x0 linker stubs

.v4_bx          0x00000000080027b4        0x0
 .v4_bx         0x00000000080027b4        0x0 linker stubs

.iplt           0x00000000080027b4        0x0
 .iplt          0x00000000080027b4        0x0 main.o

.preinit_array  0x00000000080027b4        0x0
                0x00000000080027b4                . = ALIGN (0x4)
                0x00000000080027b4                __preinit_array_start = .
 *(.preinit_array)
                0x00000000080027b4                __preinit_array_end = .

.init_array     0x00000000080027b4        0x0
                0x00000000080027b4                . = ALIGN (0x4)
                0x00000000080027b4                __init_array_start = .
 *(SORT_BY_NAME(.init_array.*))
 *(.init_array)
                0x00000000080027b4                __init_array_end = .

.fini_array     0x00000000080027b4        0x0
                0x00000000080027b4                . = ALIGN (0x4)
                0x00000000080027b4                __fini_array_start = .
 *(.fini_array)
 *(SORT_BY_NAME(.fini_array.*))
                0x00000000080027b4                __fini_array_end = .

.ARM.extab      0x00000000080027b4       0x18
 *(.ARM.extab*)
 .ARM.extab     0x00000000080027b4       0x18 /usr/lib/gcc/arm-none-eabi/9.2.1/thumb/v7-m/nofp/libgcc.a(pr-support.o)

.ARM.exidx      0x00000000080027cc       0xc8
                0x00000000080027cc                __exidx_start = .
 *(.ARM.exidx*)
 .ARM.exidx.text._ZL5task1Pv
                0x00000000080027cc        0x8 main.o
 .ARM.exidx.text.startup.main
                0x00000000080027d4       0x10 main.o
                                          0x8 (size before relaxing)
 .ARM.exidx     0x00000000080027e4       0x78 /usr/lib/gcc/arm-none-eabi/9.2.1/thumb/v7-m/nofp/libgcc.a(unwind-arm.o)
                                         0xd8 (size before relaxing)
 .ARM.exidx     0x000000000800285c       0x38 /usr/lib/gcc/arm-none-eabi/9.2.1/thumb/v7-m/nofp/libgcc.a(pr-support.o)
                0x0000000008002894                __exidx_end = .

.rel.dyn        0x0000000008002894        0x0
 .rel.iplt      0x0000000008002894        0x0 main.o
                0x0000000008002894                . = ALIGN (0x4)
                0x0000000008002894                _etext = .

.data           0x0000000020000000      0x854 load address 0x0000000008002894
                0x0000000020000000                _data = .
 *(.data*)
 .data.uxCriticalNesting
                0x0000000020000000        0x4 rtos/port.o
 .data.uxTopUsedPriority
                0x0000000020000004        0x4 rtos/tasks.o
                0x0000000020000004                uxTopUsedPriority
 .data          0x0000000020000008      0x430 /usr/lib/gcc/arm-none-eabi/9.2.1/../../../arm-none-eabi/lib/thumb/v7-m/nofp/libc.a(lib_a-impure.o)
                0x0000000020000008                _impure_ptr
 .data          0x0000000020000438      0x410 /usr/lib/gcc/arm-none-eabi/9.2.1/../../../arm-none-eabi/lib/thumb/v7-m/nofp/libc.a(lib_a-mallocr.o)
                0x0000000020000438                __malloc_av_
                0x0000000020000840                __malloc_sbrk_base
                0x0000000020000844                __malloc_trim_threshold
 .data.rcc_ahb_frequency
                0x0000000020000848        0x4 /home/hades/bp/stm32/libopencm3/lib/libopencm3_stm32f1.a(rcc.o)
                0x0000000020000848                rcc_ahb_frequency
 .data.rcc_apb1_frequency
                0x000000002000084c        0x4 /home/hades/bp/stm32/libopencm3/lib/libopencm3_stm32f1.a(rcc.o)
                0x000000002000084c                rcc_apb1_frequency
 .data.rcc_apb2_frequency
                0x0000000020000850        0x4 /home/hades/bp/stm32/libopencm3/lib/libopencm3_stm32f1.a(rcc.o)
                0x0000000020000850                rcc_apb2_frequency
                0x0000000020000854                . = ALIGN (0x4)
                0x0000000020000854                _edata = .
                0x0000000008002894                _data_loadaddr = LOADADDR (.data)

.igot.plt       0x0000000020000854        0x0 load address 0x00000000080030e8
 .igot.plt      0x0000000020000854        0x0 main.o

.bss            0x0000000020000854     0x4560 load address 0x00000000080030e8
 *(.bss*)
 .bss.pxEnd     0x0000000020000854        0x4 rtos/heap_4.o
 .bss.ucHeap    0x0000000020000858     0x4400 rtos/heap_4.o
 .bss.xBlockAllocatedBit
                0x0000000020004c58        0x4 rtos/heap_4.o
 .bss.xFreeBytesRemaining
                0x0000000020004c5c        0x4 rtos/heap_4.o
 .bss.xMinimumEverFreeBytesRemaining
                0x0000000020004c60        0x4 rtos/heap_4.o
 .bss.xNumberOfSuccessfulAllocations
                0x0000000020004c64        0x4 rtos/heap_4.o
 .bss.xNumberOfSuccessfulFrees
                0x0000000020004c68        0x4 rtos/heap_4.o
 .bss.xStart    0x0000000020004c6c        0x8 rtos/heap_4.o
 .bss.pxCurrentTCB
                0x0000000020004c74        0x4 rtos/tasks.o
                0x0000000020004c74                pxCurrentTCB
 .bss.pxDelayedTaskList
                0x0000000020004c78        0x4 rtos/tasks.o
 .bss.pxOverflowDelayedTaskList
                0x0000000020004c7c        0x4 rtos/tasks.o
 .bss.pxReadyTasksLists
                0x0000000020004c80       0x64 rtos/tasks.o
 .bss.uxCurrentNumberOfTasks
                0x0000000020004ce4        0x4 rtos/tasks.o
 .bss.uxDeletedTasksWaitingCleanUp
                0x0000000020004ce8        0x4 rtos/tasks.o
 .bss.uxSchedulerSuspended
                0x0000000020004cec        0x4 rtos/tasks.o
 .bss.uxTaskNumber
                0x0000000020004cf0        0x4 rtos/tasks.o
 .bss.uxTopReadyPriority
                0x0000000020004cf4        0x4 rtos/tasks.o
 .bss.xDelayedTaskList1
                0x0000000020004cf8       0x14 rtos/tasks.o
 .bss.xDelayedTaskList2
                0x0000000020004d0c       0x14 rtos/tasks.o
 .bss.xIdleTaskHandle
                0x0000000020004d20        0x4 rtos/tasks.o
 .bss.xNextTaskUnblockTime
                0x0000000020004d24        0x4 rtos/tasks.o
 .bss.xNumOfOverflows
                0x0000000020004d28        0x4 rtos/tasks.o
 .bss.xPendedTicks
                0x0000000020004d2c        0x4 rtos/tasks.o
 .bss.xPendingReadyList
                0x0000000020004d30       0x14 rtos/tasks.o
 .bss.xSchedulerRunning
                0x0000000020004d44        0x4 rtos/tasks.o
 .bss.xSuspendedTaskList
                0x0000000020004d48       0x14 rtos/tasks.o
 .bss.xTasksWaitingTermination
                0x0000000020004d5c       0x14 rtos/tasks.o
 .bss.xTickCount
                0x0000000020004d70        0x4 rtos/tasks.o
 .bss.xYieldPending
                0x0000000020004d74        0x4 rtos/tasks.o
 .bss           0x0000000020004d78       0x34 /usr/lib/gcc/arm-none-eabi/9.2.1/../../../arm-none-eabi/lib/thumb/v7-m/nofp/libc.a(lib_a-mallocr.o)
                0x0000000020004d78                __malloc_top_pad
                0x0000000020004d7c                __malloc_current_mallinfo
                0x0000000020004da4                __malloc_max_sbrked_mem
                0x0000000020004da8                __malloc_max_total_mem
 .bss           0x0000000020004dac        0x4 /usr/lib/gcc/arm-none-eabi/9.2.1/../../../arm-none-eabi/lib/thumb/v7-m/nofp/libnosys.a(sbrk.o)
 *(COMMON)
 COMMON         0x0000000020004db0        0x4 /usr/lib/gcc/arm-none-eabi/9.2.1/../../../arm-none-eabi/lib/thumb/v7-m/nofp/libc.a(lib_a-reent.o)
                0x0000000020004db0                errno
                0x0000000020004db4                . = ALIGN (0x4)
                0x0000000020004db4                _ebss = .

/DISCARD/
 *(.eh_frame)
                0x0000000020004db4                . = ALIGN (0x4)
                0x0000000020004db4                end = .
                0x0000000020005000                PROVIDE (_stack = (ORIGIN (ram) + LENGTH (ram)))
OUTPUT(main.elf elf32-littlearm)
LOAD linker stubs

.debug_info     0x0000000000000000     0x7e1f
 .debug_info    0x0000000000000000      0xe12 main.o
 .debug_info    0x0000000000000e12      0xdb5 rtos/heap_4.o
 .debug_info    0x0000000000001bc7      0xb5b rtos/list.o
 .debug_info    0x0000000000002722      0x343 rtos/port.o
 .debug_info    0x0000000000002a65     0x2d52 rtos/tasks.o
 .debug_info    0x00000000000057b7      0x26e rtos/opencm3.o
 .debug_info    0x0000000000005a25      0x210 /home/hades/bp/stm32/libopencm3/lib/libopencm3_stm32f1.a(gpio.o)
 .debug_info    0x0000000000005c35      0x266 /home/hades/bp/stm32/libopencm3/lib/libopencm3_stm32f1.a(gpio_common_all.o)
 .debug_info    0x0000000000005e9b     0x1574 /home/hades/bp/stm32/libopencm3/lib/libopencm3_stm32f1.a(rcc.o)
 .debug_info    0x000000000000740f      0x63d /home/hades/bp/stm32/libopencm3/lib/libopencm3_stm32f1.a(rcc_common_all.o)
 .debug_info    0x0000000000007a4c      0x2dd /home/hades/bp/stm32/libopencm3/lib/libopencm3_stm32f1.a(vector.o)
 .debug_info    0x0000000000007d29       0xf6 /home/hades/bp/stm32/libopencm3/lib/libopencm3_stm32f1.a(flash_common_all.o)

.debug_abbrev   0x0000000000000000     0x1826
 .debug_abbrev  0x0000000000000000      0x2a1 main.o
 .debug_abbrev  0x00000000000002a1      0x374 rtos/heap_4.o
 .debug_abbrev  0x0000000000000615      0x236 rtos/list.o
 .debug_abbrev  0x000000000000084b      0x217 rtos/port.o
 .debug_abbrev  0x0000000000000a62      0x540 rtos/tasks.o
 .debug_abbrev  0x0000000000000fa2       0xc4 rtos/opencm3.o
 .debug_abbrev  0x0000000000001066       0xd0 /home/hades/bp/stm32/libopencm3/lib/libopencm3_stm32f1.a(gpio.o)
 .debug_abbrev  0x0000000000001136      0x116 /home/hades/bp/stm32/libopencm3/lib/libopencm3_stm32f1.a(gpio_common_all.o)
 .debug_abbrev  0x000000000000124c      0x282 /home/hades/bp/stm32/libopencm3/lib/libopencm3_stm32f1.a(rcc.o)
 .debug_abbrev  0x00000000000014ce      0x17c /home/hades/bp/stm32/libopencm3/lib/libopencm3_stm32f1.a(rcc_common_all.o)
 .debug_abbrev  0x000000000000164a      0x145 /home/hades/bp/stm32/libopencm3/lib/libopencm3_stm32f1.a(vector.o)
 .debug_abbrev  0x000000000000178f       0x97 /home/hades/bp/stm32/libopencm3/lib/libopencm3_stm32f1.a(flash_common_all.o)

.debug_loc      0x0000000000000000     0x28e7
 .debug_loc     0x0000000000000000       0x4f main.o
 .debug_loc     0x000000000000004f      0x3e0 rtos/heap_4.o
 .debug_loc     0x000000000000042f       0xaf rtos/list.o
 .debug_loc     0x00000000000004de       0xbe rtos/port.o
 .debug_loc     0x000000000000059c     0x1ba0 rtos/tasks.o
 .debug_loc     0x000000000000213c      0x14c /home/hades/bp/stm32/libopencm3/lib/libopencm3_stm32f1.a(gpio.o)
 .debug_loc     0x0000000000002288       0xbe /home/hades/bp/stm32/libopencm3/lib/libopencm3_stm32f1.a(gpio_common_all.o)
 .debug_loc     0x0000000000002346      0x3d0 /home/hades/bp/stm32/libopencm3/lib/libopencm3_stm32f1.a(rcc.o)
 .debug_loc     0x0000000000002716       0x94 /home/hades/bp/stm32/libopencm3/lib/libopencm3_stm32f1.a(rcc_common_all.o)
 .debug_loc     0x00000000000027aa      0x128 /home/hades/bp/stm32/libopencm3/lib/libopencm3_stm32f1.a(vector.o)
 .debug_loc     0x00000000000028d2       0x15 /home/hades/bp/stm32/libopencm3/lib/libopencm3_stm32f1.a(flash_common_all.o)

.debug_aranges  0x0000000000000000      0x598
 .debug_aranges
                0x0000000000000000       0x30 main.o
 .debug_aranges
                0x0000000000000030       0x50 rtos/heap_4.o
 .debug_aranges
                0x0000000000000080       0x40 rtos/list.o
 .debug_aranges
                0x00000000000000c0       0x70 rtos/port.o
 .debug_aranges
                0x0000000000000130      0x178 rtos/tasks.o
 .debug_aranges
                0x00000000000002a8       0x30 rtos/opencm3.o
 .debug_aranges
                0x00000000000002d8       0x38 /home/hades/bp/stm32/libopencm3/lib/libopencm3_stm32f1.a(gpio.o)
 .debug_aranges
                0x0000000000000310       0x50 /home/hades/bp/stm32/libopencm3/lib/libopencm3_stm32f1.a(gpio_common_all.o)
 .debug_aranges
                0x0000000000000360      0x170 /home/hades/bp/stm32/libopencm3/lib/libopencm3_stm32f1.a(rcc.o)
 .debug_aranges
                0x00000000000004d0       0x60 /home/hades/bp/stm32/libopencm3/lib/libopencm3_stm32f1.a(rcc_common_all.o)
 .debug_aranges
                0x0000000000000530       0x30 /home/hades/bp/stm32/libopencm3/lib/libopencm3_stm32f1.a(vector.o)
 .debug_aranges
                0x0000000000000560       0x38 /home/hades/bp/stm32/libopencm3/lib/libopencm3_stm32f1.a(flash_common_all.o)

.debug_ranges   0x0000000000000000      0x7a8
 .debug_ranges  0x0000000000000000       0x38 main.o
 .debug_ranges  0x0000000000000038       0x40 rtos/heap_4.o
 .debug_ranges  0x0000000000000078       0x30 rtos/list.o
 .debug_ranges  0x00000000000000a8       0x78 rtos/port.o
 .debug_ranges  0x0000000000000120      0x360 rtos/tasks.o
 .debug_ranges  0x0000000000000480       0x20 rtos/opencm3.o
 .debug_ranges  0x00000000000004a0       0x28 /home/hades/bp/stm32/libopencm3/lib/libopencm3_stm32f1.a(gpio.o)
 .debug_ranges  0x00000000000004c8       0x40 /home/hades/bp/stm32/libopencm3/lib/libopencm3_stm32f1.a(gpio_common_all.o)
 .debug_ranges  0x0000000000000508      0x208 /home/hades/bp/stm32/libopencm3/lib/libopencm3_stm32f1.a(rcc.o)
 .debug_ranges  0x0000000000000710       0x50 /home/hades/bp/stm32/libopencm3/lib/libopencm3_stm32f1.a(rcc_common_all.o)
 .debug_ranges  0x0000000000000760       0x20 /home/hades/bp/stm32/libopencm3/lib/libopencm3_stm32f1.a(vector.o)
 .debug_ranges  0x0000000000000780       0x28 /home/hades/bp/stm32/libopencm3/lib/libopencm3_stm32f1.a(flash_common_all.o)

.debug_line     0x0000000000000000     0x45c9
 .debug_line    0x0000000000000000      0x242 main.o
 .debug_line    0x0000000000000242      0x4c4 rtos/heap_4.o
 .debug_line    0x0000000000000706      0x26c rtos/list.o
 .debug_line    0x0000000000000972      0x2eb rtos/port.o
 .debug_line    0x0000000000000c5d     0x1a4b rtos/tasks.o
 .debug_line    0x00000000000026a8       0xe5 rtos/opencm3.o
 .debug_line    0x000000000000278d      0x34b /home/hades/bp/stm32/libopencm3/lib/libopencm3_stm32f1.a(gpio.o)
 .debug_line    0x0000000000002ad8      0x355 /home/hades/bp/stm32/libopencm3/lib/libopencm3_stm32f1.a(gpio_common_all.o)
 .debug_line    0x0000000000002e2d      0xd02 /home/hades/bp/stm32/libopencm3/lib/libopencm3_stm32f1.a(rcc.o)
 .debug_line    0x0000000000003b2f      0x3b4 /home/hades/bp/stm32/libopencm3/lib/libopencm3_stm32f1.a(rcc_common_all.o)
 .debug_line    0x0000000000003ee3      0x3e0 /home/hades/bp/stm32/libopencm3/lib/libopencm3_stm32f1.a(vector.o)
 .debug_line    0x00000000000042c3      0x306 /home/hades/bp/stm32/libopencm3/lib/libopencm3_stm32f1.a(flash_common_all.o)

.debug_str      0x0000000000000000     0xf9e9
 .debug_str     0x0000000000000000      0x8c1 main.o
                                        0xa11 (size before relaxing)
 .debug_str     0x00000000000008c1      0x3d2 rtos/heap_4.o
                                        0x888 (size before relaxing)
 .debug_str     0x0000000000000c93      0x12a rtos/list.o
                                        0x6b4 (size before relaxing)
 .debug_str     0x0000000000000dbd      0x179 rtos/port.o
                                        0x34a (size before relaxing)
 .debug_str     0x0000000000000f36      0xaac rtos/tasks.o
                                       0x12eb (size before relaxing)
 .debug_str     0x00000000000019e2       0x40 rtos/opencm3.o
                                        0x311 (size before relaxing)
 .debug_str     0x0000000000001a22     0x830f /home/hades/bp/stm32/libopencm3/lib/libopencm3_stm32f1.a(gpio.o)
                                       0x849e (size before relaxing)
 .debug_str     0x0000000000009d31       0x74 /home/hades/bp/stm32/libopencm3/lib/libopencm3_stm32f1.a(gpio_common_all.o)
                                       0x8492 (size before relaxing)
 .debug_str     0x0000000000009da5     0x33e2 /home/hades/bp/stm32/libopencm3/lib/libopencm3_stm32f1.a(rcc.o)
                                       0x8186 (size before relaxing)
 .debug_str     0x000000000000d187      0x379 /home/hades/bp/stm32/libopencm3/lib/libopencm3_stm32f1.a(rcc_common_all.o)
                                       0x7894 (size before relaxing)
 .debug_str     0x000000000000d500     0x2485 /home/hades/bp/stm32/libopencm3/lib/libopencm3_stm32f1.a(vector.o)
                                       0x6567 (size before relaxing)
 .debug_str     0x000000000000f985       0x64 /home/hades/bp/stm32/libopencm3/lib/libopencm3_stm32f1.a(flash_common_all.o)
                                       0x546a (size before relaxing)

.comment        0x0000000000000000       0xa6
 .comment       0x0000000000000000       0x59 main.o
                                         0x5a (size before relaxing)
 .comment       0x0000000000000059       0x5a rtos/heap_4.o
 .comment       0x0000000000000059       0x5a rtos/list.o
 .comment       0x0000000000000059       0x5a rtos/port.o
 .comment       0x0000000000000059       0x5a rtos/tasks.o
 .comment       0x0000000000000059       0x5a rtos/opencm3.o
 .comment       0x0000000000000059       0x4d /home/hades/bp/stm32/libopencm3/lib/libopencm3_stm32f1.a(gpio.o)
                                         0x4e (size before relaxing)
 .comment       0x00000000000000a6       0x4e /home/hades/bp/stm32/libopencm3/lib/libopencm3_stm32f1.a(gpio_common_all.o)
 .comment       0x00000000000000a6       0x4e /home/hades/bp/stm32/libopencm3/lib/libopencm3_stm32f1.a(rcc.o)
 .comment       0x00000000000000a6       0x4e /home/hades/bp/stm32/libopencm3/lib/libopencm3_stm32f1.a(rcc_common_all.o)
 .comment       0x00000000000000a6       0x4e /home/hades/bp/stm32/libopencm3/lib/libopencm3_stm32f1.a(vector.o)
 .comment       0x00000000000000a6       0x4e /home/hades/bp/stm32/libopencm3/lib/libopencm3_stm32f1.a(flash_common_all.o)

.ARM.attributes
                0x0000000000000000       0x2b
 .ARM.attributes
                0x0000000000000000       0x2d main.o
 .ARM.attributes
                0x000000000000002d       0x2d rtos/heap_4.o
 .ARM.attributes
                0x000000000000005a       0x2d rtos/list.o
 .ARM.attributes
                0x0000000000000087       0x2d rtos/port.o
 .ARM.attributes
                0x00000000000000b4       0x2d rtos/tasks.o
 .ARM.attributes
                0x00000000000000e1       0x2d rtos/opencm3.o
 .ARM.attributes
                0x000000000000010e       0x2d /home/hades/bp/stm32/libopencm3/lib/libopencm3_stm32f1.a(gpio.o)
 .ARM.attributes
                0x000000000000013b       0x2d /home/hades/bp/stm32/libopencm3/lib/libopencm3_stm32f1.a(gpio_common_all.o)
 .ARM.attributes
                0x0000000000000168       0x2d /home/hades/bp/stm32/libopencm3/lib/libopencm3_stm32f1.a(rcc.o)
 .ARM.attributes
                0x0000000000000195       0x2d /home/hades/bp/stm32/libopencm3/lib/libopencm3_stm32f1.a(rcc_common_all.o)
 .ARM.attributes
                0x00000000000001c2       0x2d /home/hades/bp/stm32/libopencm3/lib/libopencm3_stm32f1.a(vector.o)
 .ARM.attributes
                0x00000000000001ef       0x2d /home/hades/bp/stm32/libopencm3/lib/libopencm3_stm32f1.a(flash_common_all.o)

.debug_frame    0x0000000000000000      0xcf8
 .debug_frame   0x0000000000000000       0x50 main.o
 .debug_frame   0x0000000000000050       0xc4 rtos/heap_4.o
 .debug_frame   0x0000000000000114       0x6c rtos/list.o
 .debug_frame   0x0000000000000180       0xd8 rtos/port.o
 .debug_frame   0x0000000000000258      0x4ec rtos/tasks.o
 .debug_frame   0x0000000000000744       0x40 rtos/opencm3.o
 .debug_frame   0x0000000000000784       0x60 /home/hades/bp/stm32/libopencm3/lib/libopencm3_stm32f1.a(gpio.o)
 .debug_frame   0x00000000000007e4       0x80 /home/hades/bp/stm32/libopencm3/lib/libopencm3_stm32f1.a(gpio_common_all.o)
 .debug_frame   0x0000000000000864      0x318 /home/hades/bp/stm32/libopencm3/lib/libopencm3_stm32f1.a(rcc.o)
 .debug_frame   0x0000000000000b7c       0xe0 /home/hades/bp/stm32/libopencm3/lib/libopencm3_stm32f1.a(rcc_common_all.o)
 .debug_frame   0x0000000000000c5c       0x4c /home/hades/bp/stm32/libopencm3/lib/libopencm3_stm32f1.a(vector.o)
 .debug_frame   0x0000000000000ca8       0x50 /home/hades/bp/stm32/libopencm3/lib/libopencm3_stm32f1.a(flash_common_all.o)

.stabstr        0x0000000000000000       0x76
 .stabstr       0x0000000000000000       0x76 /usr/lib/gcc/arm-none-eabi/9.2.1/../../../arm-none-eabi/lib/thumb/v7-m/nofp/libnosys.a(getpid.o)

.debug_macro    0x0000000000000000     0x34e4
 .debug_macro   0x0000000000000000       0xb8 /home/hades/bp/stm32/libopencm3/lib/libopencm3_stm32f1.a(gpio.o)
 .debug_macro   0x00000000000000b8      0xa60 /home/hades/bp/stm32/libopencm3/lib/libopencm3_stm32f1.a(gpio.o)
 .debug_macro   0x0000000000000b18       0x1c /home/hades/bp/stm32/libopencm3/lib/libopencm3_stm32f1.a(gpio.o)
 .debug_macro   0x0000000000000b34       0x22 /home/hades/bp/stm32/libopencm3/lib/libopencm3_stm32f1.a(gpio.o)
 .debug_macro   0x0000000000000b56       0x56 /home/hades/bp/stm32/libopencm3/lib/libopencm3_stm32f1.a(gpio.o)
 .debug_macro   0x0000000000000bac       0x51 /home/hades/bp/stm32/libopencm3/lib/libopencm3_stm32f1.a(gpio.o)
 .debug_macro   0x0000000000000bfd      0x103 /home/hades/bp/stm32/libopencm3/lib/libopencm3_stm32f1.a(gpio.o)
 .debug_macro   0x0000000000000d00       0x6a /home/hades/bp/stm32/libopencm3/lib/libopencm3_stm32f1.a(gpio.o)
 .debug_macro   0x0000000000000d6a      0x1df /home/hades/bp/stm32/libopencm3/lib/libopencm3_stm32f1.a(gpio.o)
 .debug_macro   0x0000000000000f49       0x22 /home/hades/bp/stm32/libopencm3/lib/libopencm3_stm32f1.a(gpio.o)
 .debug_macro   0x0000000000000f6b       0xe8 /home/hades/bp/stm32/libopencm3/lib/libopencm3_stm32f1.a(gpio.o)
 .debug_macro   0x0000000000001053       0x76 /home/hades/bp/stm32/libopencm3/lib/libopencm3_stm32f1.a(gpio.o)
 .debug_macro   0x00000000000010c9      0x1b4 /home/hades/bp/stm32/libopencm3/lib/libopencm3_stm32f1.a(gpio.o)
 .debug_macro   0x000000000000127d       0x76 /home/hades/bp/stm32/libopencm3/lib/libopencm3_stm32f1.a(gpio.o)
 .debug_macro   0x00000000000012f3      0xe04 /home/hades/bp/stm32/libopencm3/lib/libopencm3_stm32f1.a(gpio.o)
 .debug_macro   0x00000000000020f7       0xb8 /home/hades/bp/stm32/libopencm3/lib/libopencm3_stm32f1.a(gpio_common_all.o)
 .debug_macro   0x00000000000021af       0xe7 /home/hades/bp/stm32/libopencm3/lib/libopencm3_stm32f1.a(rcc.o)
 .debug_macro   0x0000000000002296       0x16 /home/hades/bp/stm32/libopencm3/lib/libopencm3_stm32f1.a(rcc.o)
 .debug_macro   0x00000000000022ac      0x8c6 /home/hades/bp/stm32/libopencm3/lib/libopencm3_stm32f1.a(rcc.o)
 .debug_macro   0x0000000000002b72       0xee /home/hades/bp/stm32/libopencm3/lib/libopencm3_stm32f1.a(rcc.o)
 .debug_macro   0x0000000000002c60       0x82 /home/hades/bp/stm32/libopencm3/lib/libopencm3_stm32f1.a(rcc.o)
 .debug_macro   0x0000000000002ce2       0xce /home/hades/bp/stm32/libopencm3/lib/libopencm3_stm32f1.a(rcc_common_all.o)
 .debug_macro   0x0000000000002db0       0xcf /home/hades/bp/stm32/libopencm3/lib/libopencm3_stm32f1.a(vector.o)
 .debug_macro   0x0000000000002e7f      0x395 /home/hades/bp/stm32/libopencm3/lib/libopencm3_stm32f1.a(vector.o)
 .debug_macro   0x0000000000003214       0x6e /home/hades/bp/stm32/libopencm3/lib/libopencm3_stm32f1.a(vector.o)
 .debug_macro   0x0000000000003282      0x1a2 /home/hades/bp/stm32/libopencm3/lib/libopencm3_stm32f1.a(vector.o)
 .debug_macro   0x0000000000003424       0xc0 /home/hades/bp/stm32/libopencm3/lib/libopencm3_stm32f1.a(flash_common_all.o)
